// Jest Snapshot v1, https://goo.gl/fbAQLP

exports[`VBadge should be a correct VBadge 1`] = `
<span
  class="badge"
/>
`;
